[0] [DBG] [UI] Using Lyra Six theme
[261] [INF] [MAIN] Hardware detect: X4
[SIM] storage root: ./fs_
[266] [DBG] [CPS] Settings loaded from file
[266] [DBG] [RBS] Recent books loaded from file (2 entries)
[267] [DBG] [UI] Using Lyra Six theme
[267] [DBG] [MAIN] Starting CrossPoint version dev-simulator
[1216] [DBG] [MAIN] Display initialized
[1217] [DBG] [SDREG] Found family: Venetian301 (4 files) in /.fonts
[1217] [DBG] [SDREG] Found family: GTAlpinaCond (4 files) in /.fonts
[1218] [DBG] [SDREG] Found family: TeXGyreSchola (4 files) in /.fonts
[1218] [DBG] [SDREG] Found family: Edgar (4 files) in /.fonts
[1218] [DBG] [SDREG] Found family: Junicode (4 files) in /fonts
[1219] [DBG] [SDREG] Found family: Almendra (4 files) in /fonts
[1219] [DBG] [SDREG] Found family: LibreCaslonText (4 files) in /fonts
[1219] [DBG] [SDREG] Found family: Rosarivo (4 files) in /fonts
[1219] [DBG] [SDREG] Found family: Coelacanth (4 files) in /fonts
[1220] [DBG] [SDREG] Found family: InknutAntiqua62 (4 files) in /fonts
[1220] [DBG] [SDREG] Found family: GoudyBookletter1911 (4 files) in /fonts
[1220] [DBG] [SDREG] Found family: CaledoniaCC (4 files) in /fonts
[1220] [DBG] [SDREG] Found family: Newsreader (4 files) in /fonts
[1220] [DBG] [SDREG] Found family: Lora (4 files) in /fonts
[1221] [DBG] [SDREG] Found family: SourceSerif4 (4 files) in /fonts
[1221] [DBG] [SDREG] Discovery complete: 15 families
[1221] [DBG] [SDCF] Loaded: /.fonts/Edgar/Edgar_14.cpfont (v4, 4 styles)
[1221] [DBG] [SDCF]   style[0]: 79 intervals, 637 glyphs, advY=36, asc=28, desc=-9, kernL=539, kernR=534, ligs=13
[1221] [DBG] [SDCF]   style[1]: 79 intervals, 637 glyphs, advY=36, asc=28, desc=-9, kernL=537, kernR=535, ligs=13
[1222] [DBG] [SDCF]   style[2]: 79 intervals, 638 glyphs, advY=36, asc=28, desc=-9, kernL=540, kernR=538, ligs=14
[1222] [DBG] [SDCF]   style[3]: 79 intervals, 638 glyphs, advY=36, asc=28, desc=-9, kernL=541, kernR=537, ligs=14
[1222] [DBG] [SDMGR] Loaded /.fonts/Edgar/Edgar_14.cpfont size=14 id=-2050208382 styles=4
[1222] [DBG] [SDFS] Edgar has no CJK coverage - skipping UI fallback sizes
[1222] [DBG] [SDFS] Loaded SD card font family: Edgar
[1222] [DBG] [SDFS] SD font system ready (15 families discovered)
[1222] [DBG] [MAIN] Fonts setup
[1222] [DBG] [ACT] Entering activity: Boot
[1223] [DBG] [GFX] Time = 1 ms from clearScreen to displayBuffer
[1383] [DBG] [ACT] Exiting activity: Boot
[1384] [DBG] [ACT] Entering activity: Home
[1385] [DBG] [GFX] Cropping 150x226 by 9x0 pix, is top-down
[1385] [DBG] [GFX] Scaling by 1.000000 - not scaled
[1387] [DBG] [GFX] Cropping 150x226 by 9x0 pix, is top-down
[1387] [DBG] [GFX] Scaling by 1.000000 - not scaled
[1389] [DBG] [SDCF] Loaded: /.fonts/GTAlpinaCond/GTAlpinaCond_12.cpfont (v4, 4 styles)
[1389] [DBG] [SDCF]   style[0]: 105 intervals, 736 glyphs, advY=29, asc=23, desc=-8, kernL=339, kernR=371, ligs=2
[1389] [DBG] [SDCF]   style[1]: 105 intervals, 736 glyphs, advY=29, asc=23, desc=-8, kernL=340, kernR=369, ligs=2
[1389] [DBG] [SDCF]   style[2]: 106 intervals, 734 glyphs, advY=29, asc=23, desc=-8, kernL=347, kernR=358, ligs=2
[1389] [DBG] [SDCF]   style[3]: 106 intervals, 734 glyphs, advY=29, asc=23, desc=-8, kernL=346, kernR=356, ligs=2
[1389] [DBG] [SDMGR] Loaded /.fonts/GTAlpinaCond/GTAlpinaCond_12.cpfont size=12 id=350459445 styles=4
[1389] [DBG] [SDFS] Loaded GTAlpinaCond for display use (12pt)
[1389] [DBG] [SDCF] Kern classes + lig loaded: kernL=339, kernR=371, ligs=2
[1390] [DBG] [SDCF] Built mini kern: 14×15 matrix (210 bytes, full was 79×84 = 6636 bytes)
[1390] [DBG] [FCM] prewarmCache(SD): 1 glyph(s) not found (styleMask=0x01)
[1390] [DBG] [GFX] Time = 6 ms from clearScreen to displayBuffer
[1403] [DBG] [FCM] prewarmCache(SD): 1 glyph(s) not found (styleMask=0x01)
[1403] [DBG] [GFX] Time = 0 ms from clearScreen to displayBuffer
[10042] [INF] [MEM] Free: 1048576 bytes, Total: 1048576 bytes, Min Free: 1048576 bytes, MaxAlloc: 1048576 bytes
[20080] [INF] [MEM] Free: 1048576 bytes, Total: 1048576 bytes, Min Free: 1048576 bytes, MaxAlloc: 1048576 bytes
[30101] [INF] [MEM] Free: 1048576 bytes, Total: 1048576 bytes, Min Free: 1048576 bytes, MaxAlloc: 1048576 bytes
[40127] [INF] [MEM] Free: 1048576 bytes, Total: 1048576 bytes, Min Free: 1048576 bytes, MaxAlloc: 1048576 bytes
[50156] [INF] [MEM] Free: 1048576 bytes, Total: 1048576 bytes, Min Free: 1048576 bytes, MaxAlloc: 1048576 bytes
[60185] [INF] [MEM] Free: 1048576 bytes, Total: 1048576 bytes, Min Free: 1048576 bytes, MaxAlloc: 1048576 bytes
[61387] [DBG] [SLP] Auto-sleep triggered after 60000 ms of inactivity
[61395] [DBG] [ACT] Exiting activity: Home
[61395] [DBG] [ACT] Entering activity: Sleep
[61395] [DBG] [GFX] Time = 59992 ms from clearScreen to displayBuffer
[61404] [DBG] [MAIN] Entering deep sleep
[SIM] Saved screenshot: ./qa_sleep/20_sleep.bmp
[SIM] Saved screenshot: ./qa_sleep/21_sleep_late.bmp
